## ConstDecl(n,N(1.0),Call(Fun(Some(f),List((n,TNumber)),Some(TNumber),If(Binary(Eq,Var(n),N(0.0)),N(0.0),Call(Var(f),List(Binary(Minus,Var(n),N(1.0)))))),List(N(1.0)))) : number
## step    0: ConstDecl(n,N(1.0),Call(Fun(Some(f),List((n,TNumber)),Some(TNumber),If(Binary(Eq,Var(n),N(0.0)),N(0.0),Call(Var(f),List(Binary(Minus,Var(n),N(1.0)))))),List(N(1.0))))
## step    1: Call(Fun(Some(f),List((n,TNumber)),Some(TNumber),If(Binary(Eq,Var(n),N(0.0)),N(0.0),Call(Var(f),List(Binary(Minus,Var(n),N(1.0)))))),List(N(1.0)))
## step    2: If(Binary(Eq,N(1.0),N(0.0)),N(0.0),Call(Fun(Some(f),List((n,TNumber)),Some(TNumber),If(Binary(Eq,Var(n),N(0.0)),N(0.0),Call(Var(f),List(Binary(Minus,Var(n),N(1.0)))))),List(Binary(Minus,N(1.0),N(1.0)))))
## step    3: If(B(false),N(0.0),Call(Fun(Some(f),List((n,TNumber)),Some(TNumber),If(Binary(Eq,Var(n),N(0.0)),N(0.0),Call(Var(f),List(Binary(Minus,Var(n),N(1.0)))))),List(Binary(Minus,N(1.0),N(1.0)))))
## step    4: Call(Fun(Some(f),List((n,TNumber)),Some(TNumber),If(Binary(Eq,Var(n),N(0.0)),N(0.0),Call(Var(f),List(Binary(Minus,Var(n),N(1.0)))))),List(Binary(Minus,N(1.0),N(1.0))))
## step    5: If(Binary(Eq,Binary(Minus,N(1.0),N(1.0)),N(0.0)),N(0.0),Call(Fun(Some(f),List((n,TNumber)),Some(TNumber),If(Binary(Eq,Var(n),N(0.0)),N(0.0),Call(Var(f),List(Binary(Minus,Var(n),N(1.0)))))),List(Binary(Minus,Binary(Minus,N(1.0),N(1.0)),N(1.0)))))
## step    6: If(Binary(Eq,N(0.0),N(0.0)),N(0.0),Call(Fun(Some(f),List((n,TNumber)),Some(TNumber),If(Binary(Eq,Var(n),N(0.0)),N(0.0),Call(Var(f),List(Binary(Minus,Var(n),N(1.0)))))),List(Binary(Minus,Binary(Minus,N(1.0),N(1.0)),N(1.0)))))
## step    7: If(B(true),N(0.0),Call(Fun(Some(f),List((n,TNumber)),Some(TNumber),If(Binary(Eq,Var(n),N(0.0)),N(0.0),Call(Var(f),List(Binary(Minus,Var(n),N(1.0)))))),List(Binary(Minus,Binary(Minus,N(1.0),N(1.0)),N(1.0)))))
## value: N(0.0)
0.0
